// Jest Snapshot v1, https://goo.gl/fbAQLP

exports[`AppComponent [snapshot] should sort agents by name 1`] = `
Array [
  Object {
    "agency": "The Agency",
    "codeName": "Dizzy Rider",
  },
  Object {
    "agency": "DXS",
    "codeName": "Sidewinter",
  },
  Object {
    "agency": "Section 31",
    "codeName": "Soft Hummer",
  },
  Object {
    "agency": "Alpha Protocol",
    "codeName": "Velvet Thunder",
  },
  Object {
    "agency": "F.I.R.M.",
    "codeName": "Wet Blanket",
  },
]
`;
